// Jest Snapshot v1, https://goo.gl/fbAQLP

exports[`matches snapshot 1`] = `
<figure
  className="quote"
>
  <blockquote>
    Mathematics is not about numbers, equations, computations, or algorithms: it is about understanding.
  </blockquote>
  <figcaption>
    â€” William Paul Thurston,
     
    <cite>
      Mental models
    </cite>
     
  </figcaption>
</figure>
`;
